// Jest Snapshot v1, https://goo.gl/fbAQLP

exports[`MovieReviews component render the MovieReviews component 1`] = `
<div
  className="category-container"
>
  <h2
    className="title"
  >
    Movie Reviews
  </h2>
  <div
    className="category-content"
  />
</div>
`;
